RAM Allocation [bytes]
Variable                                                                          Address   Size
------------------------------------------------------------------------------------------------
cambio                                                                            0x0300       2
notes                                                                             0x0302       2
wholenote                                                                         0x0304       2
divider                                                                           0x0306       2
noteDuration                                                                      0x0308       2
notesCUM                                                                          0x030A       2
wholenoteCUM                                                                      0x030C       2
dividerCUM                                                                        0x030E       2
noteDurationCUM                                                                   0x0310       2

EEPROM Allocation [bytes]
Variable                                                                          Address   Size
------------------------------------------------------------------------------------------------

Register Allocation
Variable                                                                          Register  Size
------------------------------------------------------------------------------------------------

FLASH Allocation [words]
Function                                                                          Address   Size
------------------------------------------------------------------------------------------------
tono                                                                              0x001D4     48
noTono                                                                            0x00204      7
main                                                                              0x0020B    148
